[thefishsite.com/articles/fishing-industry-launched-online.html]
[backblue.gif]
[fade.gif]
[index.html]
[images.thefishsite.com/fish/fallbacks/species/shoal72e2.jpg]
[thefishsite.com/apple-touch-icon.png]
[thefishsite.com/favicon-32x32.png]
[thefishsite.com/favicon-16x16.png]
[thefishsite.com/assets/css/main-fish8599.css]
[www.google-analytics.com/analytics.js]
[thefishsite.com/assets/js/tracking.js]
[images.thefishsite.com/fish/fallbacks/species/trout7735.jpg]
[images.thefishsite.com/fish/fallbacks/species/catfish7735.jpg]
[images.thefishsite.com/fish/fallbacks/species/salmon7735.jpg]
[images.thefishsite.com/fish/fallbacks/species/shrimp7735.jpg]
[images.thefishsite.com/fish/fallbacks/fish-avatar-220b66.png]
[embed.typeform.com/next/embed.js]
[images.thefishsite.com/sponsors/banners/aquaconnect-22.png]
[thefishsite.com/assets/js/maina18a.js]
[thefishsite.com/assets/js/adsa18a.js]
[confirmsubscription.com/h/r/BC130E966511B6272540EF23F30FEDED/1799B10530B0AF97/popup.js]
[thefishsite.com/articles/fishing-industry-launched-online.html]
[images.thefishsite.com/fish/hub-backgrounds/Salmon-StofnFiskur5213.jpg]
[images.thefishsite.com/fish/hub-backgrounds/Salmon-StofnFiskur2661.jpg]
[images.thefishsite.com/fish/hub-backgrounds/Salmon-StofnFiskur27c3.jpg]
[images.thefishsite.com/fish/hub-backgrounds/scottish-salmon-ip5213.jpg]
[images.thefishsite.com/fish/hub-backgrounds/scottish-salmon-ip2661.jpg]
[images.thefishsite.com/fish/hub-backgrounds/scottish-salmon-ip27c3.jpg]
[images.thefishsite.com/fish/hub-backgrounds/shetland-salmon-health-ip5213.jpg]
[images.thefishsite.com/fish/hub-backgrounds/shetland-salmon-health-ip2661.jpg]
[images.thefishsite.com/fish/hub-backgrounds/shetland-salmon-health-ip27c3.jpg]
[images.thefishsite.com/fish/hub-backgrounds/16153869478_1b3d880559_o5213.jpg]
[images.thefishsite.com/fish/hub-backgrounds/16153869478_1b3d880559_o2661.jpg]
[images.thefishsite.com/fish/hub-backgrounds/16153869478_1b3d880559_o27c3.jpg]
[images.thefishsite.com/fish/hub-backgrounds/farm-equipment5213.jpg]
[images.thefishsite.com/fish/hub-backgrounds/farm-equipment2661.jpg]
[images.thefishsite.com/fish/hub-backgrounds/farm-equipment27c3.jpg]
[images.thefishsite.com/fish/hub-backgrounds/boat-fisheries-ip5213.jpg]
[images.thefishsite.com/fish/hub-backgrounds/boat-fisheries-ip2661.jpg]
[images.thefishsite.com/fish/hub-backgrounds/boat-fisheries-ip27c3.jpg]
[images.thefishsite.com/fish/hub-backgrounds/FVG-sealice-03-16005213.jpg]
[images.thefishsite.com/fish/hub-backgrounds/FVG-sealice-03-16002661.jpg]
[images.thefishsite.com/fish/hub-backgrounds/FVG-sealice-03-160027c3.jpg]
[images.thefishsite.com/fish/hub-backgrounds/petri-dish27c3.jpg]
[images.thefishsite.com/sponsors/wraps/minnowtech-brs-22/background-sea.jpg]
[thefishsite.com/assets/css/main-fish8599.css]
[thefishsite.com/articles/popover.32.delayed]
[thefishsite.com/articles/popup.css]
[thefishsite.com/articles/sidetab.css]
[thefishsite.com/articles/slider.css]
[thefishsite.com/articles/widget.css]
[thefishsite.com/articles/i.FORM_BASE_URL]
[thefishsite.com/articles/window.location.href]
[embed.typeform.com/next/embed.js]
[images.thefishsite.com/fish/hub-backgrounds/petri-dish5213.html]
[images.thefishsite.com/fish/hub-backgrounds/petri-dish2661.html]
[images.thefishsite.com/fish/tilapia-event/tilapia-event-background-028a9d.html]
[images.thefishsite.com/sponsors/wraps/phileo-tilapia-22/sea-cages.html]
[images.thefishsite.com/sponsors/wraps/phileo-tilapia-22/stretchy-boy.html]
[images.thefishsite.com/sponsors/wraps/phileo-tilapia-22/golden-boy.html]
[images.thefishsite.com/sponsors/wraps/phileo-tilapia-22/golden-boy-sm.html]
[images.thefishsite.com/sponsors/wraps/phileo-tilapia-22/golden-boy-inline.html]
[thefishsite.com/articles/popover.html]
[thefishsite.com/articles/popup.html]
[thefishsite.com/articles/sidetab.html]
[thefishsite.com/articles/slider.html]
[thefishsite.com/articles/widget.html]
[thefishsite.com/articles/i.html]
[thefishsite.com/articles/window.location.html]
